MSBuild version 17.14.40+3e7442088 for .NET Framework

  Table Editor 3D -> C:\Users\Nathan\OneDrive\ECA\Resources\Visual Studio\Table Editor 3D_Claude\bin\Debug\TableEditor3D.exe
